// Jest Snapshot v1, https://goo.gl/fbAQLP

exports[`renders correctly 1`] = `
<div>
  <div
    class="table"
  >
    {"rates":[{"currency":"ariary (Madagaskar)","code":"MGA","mid":0.000885},{"currency":"balboa (Panama)","code":"PAB","mid":4.0347}]}
  </div>
</div>
`;
